"use strict";
import React from "react";
// CommonJS import
const circle = require('./circle.js')
export * from './foobar.js';
export { bar  } from './foobar.js';
export var a = 10
(function(a) {
  // foobar
}(10));
// ------------------------------------------------------------------
// exported consts / arrow-fn
export const j1 = 10, f1 = () => { ... }
// plain declarations
let a1, b1, c1 = 10
var e2 = 20, f
// exported function
export function fn(a) { ... }
// async arrow-function assigned to const
const a = async (b) => { ... }
// ------------------------------------------------------------------
// exported class with members
export class Test extends Foo {
  value = 0
  foo = () => { ... }
  async method(b) { ... }
}
// plain class
class Base {
  getName() { ... }
  printName() { ... }
}
// misc variables / re-export
const CONST = 42
let z = "foobar"
export { z };
const Foo = class {
  bar() { ... }
}
// assignment with arrow-fn
window.onload = () => { ... }
// multi-assignment
HORIZONTAL, VERTICAL = 1, 2;
// plain function
function identity(arg) { ... }
// block
{
  function test() {
    console.log("yes");
  }
  "test"
}
(
  "text"
)
